Iniciando rotina do sync_worker [2026-09-18 00:30:03]...

=== [1/2] ATUALIZAÇÃO DO LOCAL_META.XML ===
  -> Coletando grade: Globo MG (Globo MG)...
     [OK] 23 programas coletados.
  -> Coletando grade: Record MG (Record MG)...
     [OK] 22 programas coletados.
  -> Coletando grade: TV Alterosa (SBT MG)...
     [OK] 24 programas coletados.
  -> Coletando grade: Band (Band MG)...
     [OK] 20 programas coletados.
[SUCESSO] local_meta.xml atualizado com sucesso em '/home/lab/iptv/network-metrics-test/local_meta.xml'. Total de 89 programas.

=== [2/2] SINCRONIZAÇÃO DO CDN REFERER ===
  -> Rastreando CDN através do canal de teste: https://embedcanaisdetv.xyz/e/index.php?canal=globomg
     Hop 1: redirecionado para https://1709.cdnembedcanais.xyz/globomg/
  -> Novo domínio base de CDN detectado: https://1709.cdnembedcanais.xyz/
  [OK] 'export_data.txt': 98 canais com Referer atualizados para https://1709.cdnembedcanais.xyz/ (Total: 98).
[SUCESSO] Sincronização do CDN Referer concluída com sucesso.

=== [3/3] SINCRONIZAÇÃO COM O GITHUB (GIT COMMIT & PUSH) ===
  -> Alterações detectadas:
     M export_data.txt
      M local_meta.xml
     ?? sync.log
  [OK] Commit realizado: 'chore: auto-sync EPG and CDN referers [2026-09-18 00:30]'
  -> Sincronizando com o remoto (git pull --rebase --autostash)...
  -> Enviando alterações para o remoto (git push)...
  [OK] Git push realizado com sucesso!

Todas as rotinas foram finalizadas com sucesso.
Iniciando rotina do sync_worker [2026-09-19 00:30:03]...

=== [1/2] ATUALIZAÇÃO DO LOCAL_META.XML ===
  -> Coletando grade: Globo MG (Globo MG)...
     [OK] 25 programas coletados.
  -> Coletando grade: Record MG (Record MG)...
     [OK] 19 programas coletados.
  -> Coletando grade: TV Alterosa (SBT MG)...
     [OK] 23 programas coletados.
  -> Coletando grade: Band (Band MG)...
     [OK] 23 programas coletados.
[SUCESSO] local_meta.xml atualizado com sucesso em '/home/lab/iptv/network-metrics-test/local_meta.xml'. Total de 90 programas.

=== [2/2] SINCRONIZAÇÃO DO CDN REFERER ===
  -> Rastreando CDN através do canal de teste: https://embedcanaisdetv.xyz/e/index.php?canal=globomg
     Hop 1: redirecionado para https://1709.cdnembedcanais.xyz/globomg/
  -> Novo domínio base de CDN detectado: https://1709.cdnembedcanais.xyz/
  [INFO] 'export_data.txt': Todos os 98 Referers já estavam atualizados.
[SUCESSO] Sincronização do CDN Referer concluída com sucesso.

=== [3/3] SINCRONIZAÇÃO COM O GITHUB (GIT COMMIT & PUSH) ===
  -> Alterações detectadas:
     M local_meta.xml
      M sync.log
  [OK] Commit realizado: 'chore: auto-sync EPG and CDN referers [2026-09-19 00:30]'
  -> Sincronizando com o remoto (git pull --rebase --autostash)...
  -> Enviando alterações para o remoto (git push)...
  [OK] Git push realizado com sucesso!

Todas as rotinas foram finalizadas com sucesso.
Iniciando rotina do sync_worker [2026-09-20 00:30:03]...

=== [1/2] ATUALIZAÇÃO DO LOCAL_META.XML ===
  -> Coletando grade: Globo MG (Globo MG)...
     [OK] 20 programas coletados.
  -> Coletando grade: Record MG (Record MG)...
     [OK] 16 programas coletados.
  -> Coletando grade: TV Alterosa (SBT MG)...
     [OK] 14 programas coletados.
  -> Coletando grade: Band (Band MG)...
     [OK] 20 programas coletados.
[SUCESSO] local_meta.xml atualizado com sucesso em '/home/lab/iptv/network-metrics-test/local_meta.xml'. Total de 70 programas.

=== [2/2] SINCRONIZAÇÃO DO CDN REFERER ===
  -> Rastreando CDN através do canal de teste: https://embedcanaisdetv.xyz/e/index.php?canal=globomg
     Hop 1: redirecionado para https://1709.cdnembedcanais.xyz/globomg/
  -> Novo domínio base de CDN detectado: https://1709.cdnembedcanais.xyz/
  [INFO] 'export_data.txt': Todos os 98 Referers já estavam atualizados.
[SUCESSO] Sincronização do CDN Referer concluída com sucesso.

=== [3/3] SINCRONIZAÇÃO COM O GITHUB (GIT COMMIT & PUSH) ===
  -> Alterações detectadas:
     M local_meta.xml
      M sync.log
  [OK] Commit realizado: 'chore: auto-sync EPG and CDN referers [2026-09-20 00:30]'
  -> Sincronizando com o remoto (git pull --rebase --autostash)...
  -> Enviando alterações para o remoto (git push)...
  [OK] Git push realizado com sucesso!

Todas as rotinas foram finalizadas com sucesso.
Iniciando rotina do sync_worker [2026-09-21 00:30:03]...

=== [1/2] ATUALIZAÇÃO DO LOCAL_META.XML ===
  -> Coletando grade: Globo MG (Globo MG)...
     [OK] 22 programas coletados.
  -> Coletando grade: Record MG (Record MG)...
     [OK] 18 programas coletados.
  -> Coletando grade: TV Alterosa (SBT MG)...
     [OK] 22 programas coletados.
  -> Coletando grade: Band (Band MG)...
     [OK] 23 programas coletados.
[SUCESSO] local_meta.xml atualizado com sucesso em '/home/lab/iptv/network-metrics-test/local_meta.xml'. Total de 85 programas.

=== [2/2] SINCRONIZAÇÃO DO CDN REFERER ===
  -> Rastreando CDN através do canal de teste: https://embedcanaisdetv.xyz/e/index.php?canal=globomg
     Hop 1: redirecionado para https://1709.cdnembedcanais.xyz/globomg/
  -> Novo domínio base de CDN detectado: https://1709.cdnembedcanais.xyz/
  [INFO] 'export_data.txt': Todos os 98 Referers já estavam atualizados.
[SUCESSO] Sincronização do CDN Referer concluída com sucesso.

=== [3/3] SINCRONIZAÇÃO COM O GITHUB (GIT COMMIT & PUSH) ===
  -> Alterações detectadas:
     M local_meta.xml
      M sync.log
  [OK] Commit realizado: 'chore: auto-sync EPG and CDN referers [2026-09-21 00:30]'
  -> Sincronizando com o remoto (git pull --rebase --autostash)...
  -> Enviando alterações para o remoto (git push)...
  [OK] Git push realizado com sucesso!

Todas as rotinas foram finalizadas com sucesso.
Iniciando rotina do sync_worker [2026-09-22 00:30:03]...

=== [1/2] ATUALIZAÇÃO DO LOCAL_META.XML ===
  -> Coletando grade: Globo MG (Globo MG)...
     [OK] 24 programas coletados.
  -> Coletando grade: Record MG (Record MG)...
     [OK] 21 programas coletados.
  -> Coletando grade: TV Alterosa (SBT MG)...
     [OK] 24 programas coletados.
  -> Coletando grade: Band (Band MG)...
     [OK] 21 programas coletados.
[SUCESSO] local_meta.xml atualizado com sucesso em '/home/lab/iptv/network-metrics-test/local_meta.xml'. Total de 90 programas.

=== [2/2] SINCRONIZAÇÃO DO CDN REFERER ===
  -> Rastreando CDN através do canal de teste: https://embedcanaisdetv.xyz/e/index.php?canal=globomg
     Hop 1: redirecionado para https://1709.cdnembedcanais.xyz/globomg/
  -> Novo domínio base de CDN detectado: https://1709.cdnembedcanais.xyz/
  [INFO] 'export_data.txt': Todos os 98 Referers já estavam atualizados.
[SUCESSO] Sincronização do CDN Referer concluída com sucesso.

=== [3/3] SINCRONIZAÇÃO COM O GITHUB (GIT COMMIT & PUSH) ===
  -> Alterações detectadas:
     M local_meta.xml
      M sync.log
  [OK] Commit realizado: 'chore: auto-sync EPG and CDN referers [2026-09-22 00:30]'
  -> Sincronizando com o remoto (git pull --rebase --autostash)...
  -> Enviando alterações para o remoto (git push)...
  [OK] Git push realizado com sucesso!

Todas as rotinas foram finalizadas com sucesso.
Iniciando rotina do sync_worker [2026-09-23 00:30:03]...

=== [1/2] ATUALIZAÇÃO DO LOCAL_META.XML ===
  -> Coletando grade: Globo MG (Globo MG)...
     [OK] 24 programas coletados.
  -> Coletando grade: Record MG (Record MG)...
     [OK] 23 programas coletados.
  -> Coletando grade: TV Alterosa (SBT MG)...
     [OK] 24 programas coletados.
  -> Coletando grade: Band (Band MG)...
     [OK] 20 programas coletados.
[SUCESSO] local_meta.xml atualizado com sucesso em '/home/lab/iptv/network-metrics-test/local_meta.xml'. Total de 91 programas.

=== [2/2] SINCRONIZAÇÃO DO CDN REFERER ===
  -> Rastreando CDN através do canal de teste: https://embedcanaisdetv.xyz/e/index.php?canal=globomg
     Hop 1: redirecionado para https://1709.cdnembedcanais.xyz/globomg/
  -> Novo domínio base de CDN detectado: https://1709.cdnembedcanais.xyz/
  [INFO] 'export_data.txt': Todos os 98 Referers já estavam atualizados.
[SUCESSO] Sincronização do CDN Referer concluída com sucesso.

=== [3/3] SINCRONIZAÇÃO COM O GITHUB (GIT COMMIT & PUSH) ===
  -> Alterações detectadas:
     M local_meta.xml
      M sync.log
  [OK] Commit realizado: 'chore: auto-sync EPG and CDN referers [2026-09-23 00:30]'
  -> Sincronizando com o remoto (git pull --rebase --autostash)...
  -> Enviando alterações para o remoto (git push)...
  [OK] Git push realizado com sucesso!

Todas as rotinas foram finalizadas com sucesso.
Iniciando rotina do sync_worker [2026-09-24 00:30:04]...

=== [1/2] ATUALIZAÇÃO DO LOCAL_META.XML ===
  -> Coletando grade: Globo MG (Globo MG)...
     [OK] 22 programas coletados.
  -> Coletando grade: Record MG (Record MG)...
     [OK] 23 programas coletados.
  -> Coletando grade: TV Alterosa (SBT MG)...
     [OK] 24 programas coletados.
  -> Coletando grade: Band (Band MG)...
     [OK] 20 programas coletados.
[SUCESSO] local_meta.xml atualizado com sucesso em '/home/lab/iptv/network-metrics-test/local_meta.xml'. Total de 89 programas.

=== [2/2] SINCRONIZAÇÃO DO CDN REFERER ===
  -> Rastreando CDN através do canal de teste: https://embedcanaisdetv.xyz/e/index.php?canal=globomg
     Hop 1: redirecionado para https://1709.cdnembedcanais.xyz/globomg/
  -> Novo domínio base de CDN detectado: https://1709.cdnembedcanais.xyz/
  [INFO] 'export_data.txt': Todos os 98 Referers já estavam atualizados.
[SUCESSO] Sincronização do CDN Referer concluída com sucesso.

=== [3/3] SINCRONIZAÇÃO COM O GITHUB (GIT COMMIT & PUSH) ===
  -> Alterações detectadas:
     M local_meta.xml
      M sync.log
  [OK] Commit realizado: 'chore: auto-sync EPG and CDN referers [2026-09-24 00:30]'
  -> Sincronizando com o remoto (git pull --rebase --autostash)...
  -> Enviando alterações para o remoto (git push)...
  [OK] Git push realizado com sucesso!

Todas as rotinas foram finalizadas com sucesso.
Iniciando rotina do sync_worker [2026-09-25 00:30:03]...

=== [1/2] ATUALIZAÇÃO DO LOCAL_META.XML ===
  -> Coletando grade: Globo MG (Globo MG)...
     [OK] 24 programas coletados.
  -> Coletando grade: Record MG (Record MG)...
     [OK] 24 programas coletados.
  -> Coletando grade: TV Alterosa (SBT MG)...
     [OK] 25 programas coletados.
  -> Coletando grade: Band (Band MG)...
     [OK] 20 programas coletados.
[SUCESSO] local_meta.xml atualizado com sucesso em '/home/lab/iptv/network-metrics-test/local_meta.xml'. Total de 93 programas.

=== [2/2] SINCRONIZAÇÃO DO CDN REFERER ===
  -> Rastreando CDN através do canal de teste: https://embedcanaisdetv.xyz/e/index.php?canal=globomg
     Hop 1: redirecionado para https://1709.cdnembedcanais.xyz/globomg/
  -> Novo domínio base de CDN detectado: https://1709.cdnembedcanais.xyz/
  [INFO] 'export_data.txt': Todos os 98 Referers já estavam atualizados.
[SUCESSO] Sincronização do CDN Referer concluída com sucesso.

=== [3/3] SINCRONIZAÇÃO COM O GITHUB (GIT COMMIT & PUSH) ===
  [X] Erro ao executar operações do Git: Command '['git', 'status', '--porcelain']' returned non-zero exit status 128.

Todas as rotinas foram finalizadas com sucesso.
Iniciando rotina do sync_worker [2026-09-26 00:30:03]...

=== [1/2] ATUALIZAÇÃO DO LOCAL_META.XML ===
  -> Coletando grade: Globo MG (Globo MG)...
     [OK] 24 programas coletados.
  -> Coletando grade: Record MG (Record MG)...
     [OK] 18 programas coletados.
  -> Coletando grade: TV Alterosa (SBT MG)...
     [OK] 23 programas coletados.
  -> Coletando grade: Band (Band MG)...
     [OK] 23 programas coletados.
[SUCESSO] local_meta.xml atualizado com sucesso em '/home/lab/iptv/network-metrics-test/local_meta.xml'. Total de 88 programas.

=== [2/2] SINCRONIZAÇÃO DO CDN REFERER ===
  -> Rastreando CDN através do canal de teste: https://embedcanaisdetv.xyz/e/index.php?canal=globomg
     Hop 1: redirecionado para https://1709.cdnembedcanais.xyz/globomg/
  -> Novo domínio base de CDN detectado: https://1709.cdnembedcanais.xyz/
  [INFO] 'export_data.txt': Todos os 98 Referers já estavam atualizados.
[SUCESSO] Sincronização do CDN Referer concluída com sucesso.

=== [3/3] SINCRONIZAÇÃO COM O GITHUB (GIT COMMIT & PUSH) ===
  [X] Erro ao executar operações do Git: Command '['git', 'status', '--porcelain']' returned non-zero exit status 128.

Todas as rotinas foram finalizadas com sucesso.
Iniciando rotina do sync_worker [2026-09-27 00:30:02]...

=== [1/2] ATUALIZAÇÃO DO LOCAL_META.XML ===
  -> Coletando grade: Globo MG (Globo MG)...
     [OK] 18 programas coletados.
  -> Coletando grade: Record MG (Record MG)...
     [OK] 15 programas coletados.
  -> Coletando grade: TV Alterosa (SBT MG)...
     [OK] 14 programas coletados.
  -> Coletando grade: Band (Band MG)...
     [OK] 20 programas coletados.
[SUCESSO] local_meta.xml atualizado com sucesso em '/home/lab/iptv/network-metrics-test/local_meta.xml'. Total de 67 programas.

=== [2/2] SINCRONIZAÇÃO DO CDN REFERER ===
  -> Rastreando CDN através do canal de teste: https://embedcanaisdetv.xyz/e/index.php?canal=globomg
     Hop 1: redirecionado para https://1709.cdnembedcanais.xyz/globomg/
  -> Novo domínio base de CDN detectado: https://1709.cdnembedcanais.xyz/
  [INFO] 'export_data.txt': Todos os 98 Referers já estavam atualizados.
[SUCESSO] Sincronização do CDN Referer concluída com sucesso.

=== [3/3] SINCRONIZAÇÃO COM O GITHUB (GIT COMMIT & PUSH) ===
  [X] Erro ao executar operações do Git: Command '['git', 'status', '--porcelain']' returned non-zero exit status 128.

Todas as rotinas foram finalizadas com sucesso.
Iniciando rotina do sync_worker [2026-09-28 00:30:03]...

=== [1/2] ATUALIZAÇÃO DO LOCAL_META.XML ===
  -> Coletando grade: Globo MG (Globo MG)...
     [OK] 21 programas coletados.
  -> Coletando grade: Record MG (Record MG)...
     [OK] 19 programas coletados.
  -> Coletando grade: TV Alterosa (SBT MG)...
     [OK] 22 programas coletados.
  -> Coletando grade: Band (Band MG)...
     [OK] 23 programas coletados.
[SUCESSO] local_meta.xml atualizado com sucesso em '/home/lab/iptv/network-metrics-test/local_meta.xml'. Total de 85 programas.

=== [2/2] SINCRONIZAÇÃO DO CDN REFERER ===
  -> Rastreando CDN através do canal de teste: https://embedcanaisdetv.xyz/e/index.php?canal=globomg
     Hop 1: redirecionado para https://1709.cdnembedcanais.xyz/globomg/
  -> Novo domínio base de CDN detectado: https://1709.cdnembedcanais.xyz/
  [INFO] 'export_data.txt': Todos os 98 Referers já estavam atualizados.
[SUCESSO] Sincronização do CDN Referer concluída com sucesso.

=== [3/3] SINCRONIZAÇÃO COM O GITHUB (GIT COMMIT & PUSH) ===
  [X] Erro ao executar operações do Git: Command '['git', 'status', '--porcelain']' returned non-zero exit status 128.

Todas as rotinas foram finalizadas com sucesso.
Iniciando rotina do sync_worker [2026-09-28 12:00:02]...

=== [1/2] ATUALIZAÇÃO DO LOCAL_META.XML ===
  -> Coletando grade: Globo MG (Globo MG)...
     [OK] 21 programas coletados.
  -> Coletando grade: Record MG (Record MG)...
     [OK] 19 programas coletados.
  -> Coletando grade: TV Alterosa (SBT MG)...
     [OK] 22 programas coletados.
  -> Coletando grade: Band (Band MG)...
     [OK] 21 programas coletados.
[SUCESSO] local_meta.xml atualizado com sucesso em '/home/lab/iptv/network-metrics-test/local_meta.xml'. Total de 83 programas.

=== [2/2] SINCRONIZAÇÃO DO CDN REFERER ===
  -> Rastreando CDN através do canal de teste: https://embedcanaisdetv.xyz/e/index.php?canal=globomg
     Hop 1: redirecionado para https://1709.cdnembedcanais.xyz/globomg/
  -> Novo domínio base de CDN detectado: https://1709.cdnembedcanais.xyz/
  [INFO] 'export_data.txt': Todos os 98 Referers já estavam atualizados.
[SUCESSO] Sincronização do CDN Referer concluída com sucesso.

=== [3/3] SINCRONIZAÇÃO COM O GITHUB (GIT COMMIT & PUSH) ===
  [INFO] Nenhuma alteração detectada no repositório. Nada a commitar.

Todas as rotinas foram finalizadas com sucesso.
Iniciando rotina do sync_worker [2026-09-29 00:00:03]...

=== [1/2] ATUALIZAÇÃO DO LOCAL_META.XML ===
  -> Coletando grade: Globo MG (Globo MG)...
     [OK] 23 programas coletados.
  -> Coletando grade: Record MG (Record MG)...
     [OK] 21 programas coletados.
  -> Coletando grade: TV Alterosa (SBT MG)...
     [OK] 25 programas coletados.
  -> Coletando grade: Band (Band MG)...
     [OK] 21 programas coletados.
[SUCESSO] local_meta.xml atualizado com sucesso em '/home/lab/iptv/network-metrics-test/local_meta.xml'. Total de 90 programas.

=== [2/2] SINCRONIZAÇÃO DO CDN REFERER ===
  -> Rastreando CDN através do canal de teste: https://embedcanaisdetv.xyz/e/index.php?canal=globomg
     Hop 1: redirecionado para https://1709.cdnembedcanais.xyz/globomg/
  -> Novo domínio base de CDN detectado: https://1709.cdnembedcanais.xyz/
  [INFO] 'export_data.txt': Todos os 98 Referers já estavam atualizados.
[SUCESSO] Sincronização do CDN Referer concluída com sucesso.

=== [3/3] SINCRONIZAÇÃO COM O GITHUB (GIT COMMIT & PUSH) ===
  -> Alterações detectadas:
     M local_meta.xml
      M sync.log
  [OK] Commit realizado: 'chore: auto-sync EPG and CDN referers [2026-09-29 00:00]'
  -> Sincronizando com o remoto (git pull --rebase --autostash)...
  -> Enviando alterações para o remoto (git push)...
  [OK] Git push realizado com sucesso!

Todas as rotinas foram finalizadas com sucesso.
Iniciando rotina do sync_worker [2026-09-29 12:00:03]...

=== [1/2] ATUALIZAÇÃO DO LOCAL_META.XML ===
  -> Coletando grade: Globo MG (Globo MG)...
     [OK] 23 programas coletados.
  -> Coletando grade: Record MG (Record MG)...
     [OK] 21 programas coletados.
  -> Coletando grade: TV Alterosa (SBT MG)...
     [OK] 25 programas coletados.
  -> Coletando grade: Band (Band MG)...
     [OK] 21 programas coletados.
[SUCESSO] local_meta.xml atualizado com sucesso em '/home/lab/iptv/network-metrics-test/local_meta.xml'. Total de 90 programas.

=== [2/2] SINCRONIZAÇÃO DO CDN REFERER ===
  -> Rastreando CDN através do canal de teste: https://embedcanaisdetv.xyz/e/index.php?canal=globomg
     Hop 1: redirecionado para https://1709.cdnembedcanais.xyz/globomg/
  -> Novo domínio base de CDN detectado: https://1709.cdnembedcanais.xyz/
  [INFO] 'export_data.txt': Todos os 98 Referers já estavam atualizados.
[SUCESSO] Sincronização do CDN Referer concluída com sucesso.

=== [3/3] SINCRONIZAÇÃO COM O GITHUB (GIT COMMIT & PUSH) ===
  -> Alterações detectadas:
     M local_meta.xml
      M sync.log
  [OK] Commit realizado: 'chore: auto-sync EPG and CDN referers [2026-09-29 12:03]'
  -> Sincronizando com o remoto (git pull --rebase --autostash)...
  -> Enviando alterações para o remoto (git push)...
  [OK] Git push realizado com sucesso!

Todas as rotinas foram finalizadas com sucesso.
Iniciando rotina do sync_worker [2026-09-30 00:00:03]...

=== [1/2] ATUALIZAÇÃO DO LOCAL_META.XML ===
  -> Coletando grade: Globo MG (Globo MG)...
     [OK] 24 programas coletados.
  -> Coletando grade: Record MG (Record MG)...
     [OK] 21 programas coletados.
  -> Coletando grade: TV Alterosa (SBT MG)...
     [OK] 24 programas coletados.
  -> Coletando grade: Band (Band MG)...
     [OK] 20 programas coletados.
[SUCESSO] local_meta.xml atualizado com sucesso em '/home/lab/iptv/network-metrics-test/local_meta.xml'. Total de 89 programas.

=== [2/2] SINCRONIZAÇÃO DO CDN REFERER ===
  -> Rastreando CDN através do canal de teste: https://embedcanaisdetv.xyz/e/index.php?canal=globomg
     Hop 1: redirecionado para https://1709.cdnembedcanais.xyz/globomg/
  -> Novo domínio base de CDN detectado: https://1709.cdnembedcanais.xyz/
  [INFO] 'export_data.txt': Todos os 98 Referers já estavam atualizados.
[SUCESSO] Sincronização do CDN Referer concluída com sucesso.

=== [3/3] SINCRONIZAÇÃO COM O GITHUB (GIT COMMIT & PUSH) ===
  -> Alterações detectadas:
     M local_meta.xml
      M sync.log
  [OK] Commit realizado: 'chore: auto-sync EPG and CDN referers [2026-09-30 00:00]'
  -> Sincronizando com o remoto (git pull --rebase --autostash)...
  -> Enviando alterações para o remoto (git push)...
  [OK] Git push realizado com sucesso!

Todas as rotinas foram finalizadas com sucesso.
Iniciando rotina do sync_worker [2026-09-30 12:00:03]...

=== [1/2] ATUALIZAÇÃO DO LOCAL_META.XML ===
  -> Coletando grade: Globo MG (Globo MG)...
     [OK] 24 programas coletados.
  -> Coletando grade: Record MG (Record MG)...
     [OK] 21 programas coletados.
  -> Coletando grade: TV Alterosa (SBT MG)...
     [OK] 23 programas coletados.
  -> Coletando grade: Band (Band MG)...
     [OK] 20 programas coletados.
[SUCESSO] local_meta.xml atualizado com sucesso em '/home/lab/iptv/network-metrics-test/local_meta.xml'. Total de 88 programas.

=== [2/2] SINCRONIZAÇÃO DO CDN REFERER ===
  -> Rastreando CDN através do canal de teste: https://embedcanaisdetv.xyz/e/index.php?canal=globomg
     Hop 1: redirecionado para https://1709.cdnembedcanais.xyz/globomg/
  -> Novo domínio base de CDN detectado: https://1709.cdnembedcanais.xyz/
  [INFO] 'export_data.txt': Todos os 98 Referers já estavam atualizados.
[SUCESSO] Sincronização do CDN Referer concluída com sucesso.

=== [3/3] SINCRONIZAÇÃO COM O GITHUB (GIT COMMIT & PUSH) ===
  -> Alterações detectadas:
     M local_meta.xml
      M sync.log
  [OK] Commit realizado: 'chore: auto-sync EPG and CDN referers [2026-09-30 12:00]'
  -> Sincronizando com o remoto (git pull --rebase --autostash)...
  -> Enviando alterações para o remoto (git push)...
  [OK] Git push realizado com sucesso!

Todas as rotinas foram finalizadas com sucesso.
Iniciando rotina do sync_worker [2026-10-01 00:00:02]...

=== [1/2] ATUALIZAÇÃO DO LOCAL_META.XML ===
  -> Coletando grade: Globo MG (Globo MG)...
     [OK] 21 programas coletados.
  -> Coletando grade: Record MG (Record MG)...
     [OK] 21 programas coletados.
  -> Coletando grade: TV Alterosa (SBT MG)...
     [OK] 22 programas coletados.
  -> Coletando grade: Band (Band MG)...
     [OK] 20 programas coletados.
[SUCESSO] local_meta.xml atualizado com sucesso em '/home/lab/iptv/network-metrics-test/local_meta.xml'. Total de 84 programas.

=== [2/2] SINCRONIZAÇÃO DO CDN REFERER ===
  -> Rastreando CDN através do canal de teste: https://embedcanaisdetv.xyz/e/index.php?canal=globomg
     Hop 1: redirecionado para https://1709.cdnembedcanais.xyz/globomg/
  -> Novo domínio base de CDN detectado: https://1709.cdnembedcanais.xyz/
  [INFO] 'export_data.txt': Todos os 98 Referers já estavam atualizados.
[SUCESSO] Sincronização do CDN Referer concluída com sucesso.

=== [3/3] SINCRONIZAÇÃO COM O GITHUB (GIT COMMIT & PUSH) ===
  -> Alterações detectadas:
     M local_meta.xml
      M sync.log
  [OK] Commit realizado: 'chore: auto-sync EPG and CDN referers [2026-10-01 00:00]'
  -> Sincronizando com o remoto (git pull --rebase --autostash)...
  -> Enviando alterações para o remoto (git push)...
  [OK] Git push realizado com sucesso!

Todas as rotinas foram finalizadas com sucesso.
Iniciando rotina do sync_worker [2026-10-01 12:00:03]...

=== [1/2] ATUALIZAÇÃO DO LOCAL_META.XML ===
  -> Coletando grade: Globo MG (Globo MG)...
     [OK] 21 programas coletados.
  -> Coletando grade: Record MG (Record MG)...
     [OK] 21 programas coletados.
  -> Coletando grade: TV Alterosa (SBT MG)...
     [OK] 21 programas coletados.
  -> Coletando grade: Band (Band MG)...
     [OK] 20 programas coletados.
[SUCESSO] local_meta.xml atualizado com sucesso em '/home/lab/iptv/network-metrics-test/local_meta.xml'. Total de 83 programas.

=== [2/2] SINCRONIZAÇÃO DO CDN REFERER ===
  -> Rastreando CDN através do canal de teste: https://embedcanaisdetv.xyz/e/index.php?canal=globomg
     Hop 1: redirecionado para https://1709.cdnembedcanais.xyz/globomg/
  -> Novo domínio base de CDN detectado: https://1709.cdnembedcanais.xyz/
  [INFO] 'export_data.txt': Todos os 98 Referers já estavam atualizados.
[SUCESSO] Sincronização do CDN Referer concluída com sucesso.

=== [3/3] SINCRONIZAÇÃO COM O GITHUB (GIT COMMIT & PUSH) ===
  -> Alterações detectadas:
     M local_meta.xml
      M sync.log
  [OK] Commit realizado: 'chore: auto-sync EPG and CDN referers [2026-10-01 12:00]'
  -> Sincronizando com o remoto (git pull --rebase --autostash)...
  -> Enviando alterações para o remoto (git push)...
  [OK] Git push realizado com sucesso!

Todas as rotinas foram finalizadas com sucesso.
Iniciando rotina do sync_worker [2026-10-02 00:00:03]...

=== [1/2] ATUALIZAÇÃO DO LOCAL_META.XML ===
  -> Coletando grade: Globo MG (Globo MG)...
     [OK] 22 programas coletados.
  -> Coletando grade: Record MG (Record MG)...
     [OK] 18 programas coletados.
  -> Coletando grade: TV Alterosa (SBT MG)...
     [OK] 20 programas coletados.
  -> Coletando grade: Band (Band MG)...
     [OK] 19 programas coletados.
[SUCESSO] local_meta.xml atualizado com sucesso em '/home/lab/iptv/network-metrics-test/local_meta.xml'. Total de 79 programas.

=== [2/2] SINCRONIZAÇÃO DO CDN REFERER ===
  -> Rastreando CDN através do canal de teste: https://embedcanaisdetv.xyz/e/index.php?canal=globomg
     Hop 1: redirecionado para https://1709.cdnembedcanais.xyz/globomg/
  -> Novo domínio base de CDN detectado: https://1709.cdnembedcanais.xyz/
  [INFO] 'export_data.txt': Todos os 98 Referers já estavam atualizados.
[SUCESSO] Sincronização do CDN Referer concluída com sucesso.

=== [3/3] SINCRONIZAÇÃO COM O GITHUB (GIT COMMIT & PUSH) ===
  -> Alterações detectadas:
     M local_meta.xml
      M sync.log
  [OK] Commit realizado: 'chore: auto-sync EPG and CDN referers [2026-10-02 00:00]'
  -> Sincronizando com o remoto (git pull --rebase --autostash)...
  -> Enviando alterações para o remoto (git push)...
  [OK] Git push realizado com sucesso!

Todas as rotinas foram finalizadas com sucesso.
Iniciando rotina do sync_worker [2026-10-02 12:00:03]...

=== [1/2] ATUALIZAÇÃO DO LOCAL_META.XML ===
  -> Coletando grade: Globo MG (Globo MG)...
     [OK] 22 programas coletados.
  -> Coletando grade: Record MG (Record MG)...
     [OK] 18 programas coletados.
  -> Coletando grade: TV Alterosa (SBT MG)...
     [OK] 20 programas coletados.
  -> Coletando grade: Band (Band MG)...
     [OK] 19 programas coletados.
[SUCESSO] local_meta.xml atualizado com sucesso em '/home/lab/iptv/network-metrics-test/local_meta.xml'. Total de 79 programas.

=== [2/2] SINCRONIZAÇÃO DO CDN REFERER ===
  -> Rastreando CDN através do canal de teste: https://embedcanaisdetv.xyz/e/index.php?canal=globomg
     Hop 1: redirecionado para https://1709.cdnembedcanais.xyz/globomg/
  -> Novo domínio base de CDN detectado: https://1709.cdnembedcanais.xyz/
  [INFO] 'export_data.txt': Todos os 98 Referers já estavam atualizados.
[SUCESSO] Sincronização do CDN Referer concluída com sucesso.

=== [3/3] SINCRONIZAÇÃO COM O GITHUB (GIT COMMIT & PUSH) ===
  -> Alterações detectadas:
     M sync.log
  [OK] Commit realizado: 'chore: auto-sync EPG and CDN referers [2026-10-02 12:00]'
  -> Sincronizando com o remoto (git pull --rebase --autostash)...
  -> Enviando alterações para o remoto (git push)...
  [OK] Git push realizado com sucesso!

Todas as rotinas foram finalizadas com sucesso.
Iniciando rotina do sync_worker [2026-10-03 00:00:03]...

=== [1/2] ATUALIZAÇÃO DO LOCAL_META.XML ===
  -> Coletando grade: Globo MG (Globo MG)...
     [OK] 23 programas coletados.
  -> Coletando grade: Record MG (Record MG)...
     [OK] 16 programas coletados.
  -> Coletando grade: TV Alterosa (SBT MG)...
     [OK] 21 programas coletados.
  -> Coletando grade: Band (Band MG)...
     [OK] 21 programas coletados.
[SUCESSO] local_meta.xml atualizado com sucesso em '/home/lab/iptv/network-metrics-test/local_meta.xml'. Total de 81 programas.

=== [2/2] SINCRONIZAÇÃO DO CDN REFERER ===
  -> Rastreando CDN através do canal de teste: https://embedcanaisdetv.xyz/e/index.php?canal=globomg
     Hop 1: redirecionado para https://1709.cdnembedcanais.xyz/globomg/
  -> Novo domínio base de CDN detectado: https://1709.cdnembedcanais.xyz/
  [INFO] 'export_data.txt': Todos os 98 Referers já estavam atualizados.
[SUCESSO] Sincronização do CDN Referer concluída com sucesso.

=== [3/3] SINCRONIZAÇÃO COM O GITHUB (GIT COMMIT & PUSH) ===
  -> Alterações detectadas:
     M local_meta.xml
      M sync.log
  [OK] Commit realizado: 'chore: auto-sync EPG and CDN referers [2026-10-03 00:00]'
  -> Sincronizando com o remoto (git pull --rebase --autostash)...
  -> Enviando alterações para o remoto (git push)...
  [OK] Git push realizado com sucesso!

Todas as rotinas foram finalizadas com sucesso.
Iniciando rotina do sync_worker [2026-10-03 12:00:03]...

=== [1/2] ATUALIZAÇÃO DO LOCAL_META.XML ===
  -> Coletando grade: Globo MG (Globo MG)...
     [OK] 23 programas coletados.
  -> Coletando grade: Record MG (Record MG)...
     [OK] 16 programas coletados.
  -> Coletando grade: TV Alterosa (SBT MG)...
     [OK] 21 programas coletados.
  -> Coletando grade: Band (Band MG)...
     [OK] 21 programas coletados.
[SUCESSO] local_meta.xml atualizado com sucesso em '/home/lab/iptv/network-metrics-test/local_meta.xml'. Total de 81 programas.

=== [2/2] SINCRONIZAÇÃO DO CDN REFERER ===
  -> Rastreando CDN através do canal de teste: https://embedcanaisdetv.xyz/e/index.php?canal=globomg
     Hop 1: redirecionado para https://1709.cdnembedcanais.xyz/globomg/
  -> Novo domínio base de CDN detectado: https://1709.cdnembedcanais.xyz/
  [INFO] 'export_data.txt': Todos os 98 Referers já estavam atualizados.
[SUCESSO] Sincronização do CDN Referer concluída com sucesso.

=== [3/3] SINCRONIZAÇÃO COM O GITHUB (GIT COMMIT & PUSH) ===
  -> Alterações detectadas:
     M sync.log
  [OK] Commit realizado: 'chore: auto-sync EPG and CDN referers [2026-10-03 12:00]'
  -> Sincronizando com o remoto (git pull --rebase --autostash)...
  -> Enviando alterações para o remoto (git push)...
  [OK] Git push realizado com sucesso!

Todas as rotinas foram finalizadas com sucesso.
Iniciando rotina do sync_worker [2026-10-04 00:00:03]...

=== [1/2] ATUALIZAÇÃO DO LOCAL_META.XML ===
  -> Coletando grade: Globo MG (Globo MG)...
     [OK] 19 programas coletados.
  -> Coletando grade: Record MG (Record MG)...
     [OK] 17 programas coletados.
  -> Coletando grade: TV Alterosa (SBT MG)...
     [OK] 14 programas coletados.
  -> Coletando grade: Band (Band MG)...
     [OK] 20 programas coletados.
[SUCESSO] local_meta.xml atualizado com sucesso em '/home/lab/iptv/network-metrics-test/local_meta.xml'. Total de 70 programas.

=== [2/2] SINCRONIZAÇÃO DO CDN REFERER ===
  -> Rastreando CDN através do canal de teste: https://embedcanaisdetv.xyz/e/index.php?canal=globomg
     Hop 1: redirecionado para https://1709.cdnembedcanais.xyz/globomg/
  -> Novo domínio base de CDN detectado: https://1709.cdnembedcanais.xyz/
  [INFO] 'export_data.txt': Todos os 98 Referers já estavam atualizados.
[SUCESSO] Sincronização do CDN Referer concluída com sucesso.

=== [3/3] SINCRONIZAÇÃO COM O GITHUB (GIT COMMIT & PUSH) ===
  -> Alterações detectadas:
     M local_meta.xml
      M sync.log
  [OK] Commit realizado: 'chore: auto-sync EPG and CDN referers [2026-10-04 00:00]'
  -> Sincronizando com o remoto (git pull --rebase --autostash)...
  -> Enviando alterações para o remoto (git push)...
  [OK] Git push realizado com sucesso!

Todas as rotinas foram finalizadas com sucesso.
Iniciando rotina do sync_worker [2026-10-04 12:00:02]...

=== [1/2] ATUALIZAÇÃO DO LOCAL_META.XML ===
  -> Coletando grade: Globo MG (Globo MG)...
     [OK] 19 programas coletados.
  -> Coletando grade: Record MG (Record MG)...
     [OK] 17 programas coletados.
  -> Coletando grade: TV Alterosa (SBT MG)...
     [OK] 14 programas coletados.
  -> Coletando grade: Band (Band MG)...
     [OK] 20 programas coletados.
[SUCESSO] local_meta.xml atualizado com sucesso em '/home/lab/iptv/network-metrics-test/local_meta.xml'. Total de 70 programas.

=== [2/2] SINCRONIZAÇÃO DO CDN REFERER ===
  -> Rastreando CDN através do canal de teste: https://embedcanaisdetv.xyz/e/index.php?canal=globomg
     Hop 1: redirecionado para https://1709.cdnembedcanais.xyz/globomg/
  -> Novo domínio base de CDN detectado: https://1709.cdnembedcanais.xyz/
  [INFO] 'export_data.txt': Todos os 98 Referers já estavam atualizados.
[SUCESSO] Sincronização do CDN Referer concluída com sucesso.

=== [3/3] SINCRONIZAÇÃO COM O GITHUB (GIT COMMIT & PUSH) ===
  -> Alterações detectadas:
     M sync.log
  [OK] Commit realizado: 'chore: auto-sync EPG and CDN referers [2026-10-04 12:00]'
  -> Sincronizando com o remoto (git pull --rebase --autostash)...
  -> Enviando alterações para o remoto (git push)...
  [OK] Git push realizado com sucesso!

Todas as rotinas foram finalizadas com sucesso.
Iniciando rotina do sync_worker [2026-10-05 00:00:03]...

=== [1/2] ATUALIZAÇÃO DO LOCAL_META.XML ===
  -> Coletando grade: Globo MG (Globo MG)...
     [OK] 21 programas coletados.
  -> Coletando grade: Record MG (Record MG)...
     [OK] 18 programas coletados.
  -> Coletando grade: TV Alterosa (SBT MG)...
     [OK] 20 programas coletados.
  -> Coletando grade: Band (Band MG)...
     [OK] 23 programas coletados.
[SUCESSO] local_meta.xml atualizado com sucesso em '/home/lab/iptv/network-metrics-test/local_meta.xml'. Total de 82 programas.

=== [2/2] SINCRONIZAÇÃO DO CDN REFERER ===
  -> Rastreando CDN através do canal de teste: https://embedcanaisdetv.xyz/e/index.php?canal=globomg
     Hop 1: redirecionado para https://1709.cdnembedcanais.xyz/globomg/
  -> Novo domínio base de CDN detectado: https://1709.cdnembedcanais.xyz/
  [INFO] 'export_data.txt': Todos os 98 Referers já estavam atualizados.
[SUCESSO] Sincronização do CDN Referer concluída com sucesso.

=== [3/3] SINCRONIZAÇÃO COM O GITHUB (GIT COMMIT & PUSH) ===
  -> Alterações detectadas:
     M local_meta.xml
      M sync.log
  [OK] Commit realizado: 'chore: auto-sync EPG and CDN referers [2026-10-05 00:00]'
  -> Sincronizando com o remoto (git pull --rebase --autostash)...
  -> Enviando alterações para o remoto (git push)...
  [OK] Git push realizado com sucesso!

Todas as rotinas foram finalizadas com sucesso.
Iniciando rotina do sync_worker [2026-10-05 12:00:03]...

=== [1/2] ATUALIZAÇÃO DO LOCAL_META.XML ===
  -> Coletando grade: Globo MG (Globo MG)...
     [OK] 21 programas coletados.
  -> Coletando grade: Record MG (Record MG)...
     [OK] 14 programas coletados.
  -> Coletando grade: TV Alterosa (SBT MG)...
     [OK] 20 programas coletados.
  -> Coletando grade: Band (Band MG)...
     [OK] 23 programas coletados.
[SUCESSO] local_meta.xml atualizado com sucesso em '/home/lab/iptv/network-metrics-test/local_meta.xml'. Total de 78 programas.

=== [2/2] SINCRONIZAÇÃO DO CDN REFERER ===
  -> Rastreando CDN através do canal de teste: https://embedcanaisdetv.xyz/e/index.php?canal=globomg
     Hop 1: redirecionado para https://1709.cdnembedcanais.xyz/globomg/
  -> Novo domínio base de CDN detectado: https://1709.cdnembedcanais.xyz/
  [INFO] 'export_data.txt': Todos os 98 Referers já estavam atualizados.
[SUCESSO] Sincronização do CDN Referer concluída com sucesso.

=== [3/3] SINCRONIZAÇÃO COM O GITHUB (GIT COMMIT & PUSH) ===
  -> Alterações detectadas:
     M local_meta.xml
      M sync.log
  [OK] Commit realizado: 'chore: auto-sync EPG and CDN referers [2026-10-05 12:00]'
  -> Sincronizando com o remoto (git pull --rebase --autostash)...
  -> Enviando alterações para o remoto (git push)...
  [OK] Git push realizado com sucesso!

Todas as rotinas foram finalizadas com sucesso.
Iniciando rotina do sync_worker [2026-10-06 00:00:03]...

=== [1/2] ATUALIZAÇÃO DO LOCAL_META.XML ===
  -> Coletando grade: Globo MG (Globo MG)...
     [OK] 22 programas coletados.
  -> Coletando grade: Record MG (Record MG)...
     [OK] 17 programas coletados.
  -> Coletando grade: TV Alterosa (SBT MG)...
     [OK] 24 programas coletados.
  -> Coletando grade: Band (Band MG)...
     [OK] 21 programas coletados.
[SUCESSO] local_meta.xml atualizado com sucesso em '/home/lab/iptv/network-metrics-test/local_meta.xml'. Total de 84 programas.

=== [2/2] SINCRONIZAÇÃO DO CDN REFERER ===
  -> Rastreando CDN através do canal de teste: https://embedcanaisdetv.xyz/e/index.php?canal=globomg
     Hop 1: redirecionado para https://1709.cdnembedcanais.xyz/globomg/
  -> Novo domínio base de CDN detectado: https://1709.cdnembedcanais.xyz/
  [INFO] 'export_data.txt': Todos os 98 Referers já estavam atualizados.
[SUCESSO] Sincronização do CDN Referer concluída com sucesso.

=== [3/3] SINCRONIZAÇÃO COM O GITHUB (GIT COMMIT & PUSH) ===
  -> Alterações detectadas:
     M local_meta.xml
      M sync.log
  [OK] Commit realizado: 'chore: auto-sync EPG and CDN referers [2026-10-06 00:00]'
  -> Sincronizando com o remoto (git pull --rebase --autostash)...
  -> Enviando alterações para o remoto (git push)...
  [OK] Git push realizado com sucesso!

Todas as rotinas foram finalizadas com sucesso.
